User Ananth Junutula logged in from IP 192.168.1.1
